###############################################################################
#
# IAR ELF Linker V9.10.1.308/W64 for ARM                  05/Apr/2021  20:26:46
# Copyright 2007-2021 IAR Systems AB.
#
#    Output file  =
#        C:\Users\saika\Downloads\Embedded-Systems-Practice\lab8\Debug\Exe\lab8.out
#    Map file     =
#        C:\Users\saika\Downloads\Embedded-Systems-Practice\lab8\Debug\List\lab8.map
#    Command line =
#        -f
#        C:\Users\saika\Downloads\Embedded-Systems-Practice\lab8\Debug\Exe\lab8.out.rsp
#        (C:\Users\saika\Downloads\Embedded-Systems-Practice\lab8\Debug\Obj\main.o
#        --no_out_extension -o
#        C:\Users\saika\Downloads\Embedded-Systems-Practice\lab8\Debug\Exe\lab8.out
#        --redirect _Printf=_PrintfFullNoMb --redirect _Scanf=_ScanfFullNoMb
#        --map
#        C:\Users\saika\Downloads\Embedded-Systems-Practice\lab8\Debug\List\lab8.map
#        --config "C:\Program Files\IAR Systems\Embedded Workbench
#        9.0\arm\config\linker\TexasInstruments\TM4C123GH6.icf" --semihosting
#        --entry __iar_program_start --vfe --text_out locale)
#
###############################################################################

*******************************************************************************
*** RUNTIME MODEL ATTRIBUTES
***

CppFlavor       = *
__Heap_Handler  = Basic
__SystemLibrary = DLib
__dlib_version  = 6


*******************************************************************************
*** HEAP SELECTION
***

The basic heap was selected because some modules are built with
size limitations (and not runtime checking), and --advanced_heap
was not specified.


*******************************************************************************
*** PLACEMENT SUMMARY
***

"A0":  place at address 0x0 { ro section .intvec };
"P1":  place in [from 0x0 to 0x3'ffff] { ro };
define block CSTACK with size = 4K, alignment = 8 { };
define block HEAP with size = 8K, alignment = 8 { };
"P2":  place in [from 0x2000'0000 to 0x2000'7fff] {
          rw, block CSTACK, block HEAP };

No sections matched the following patterns:

  rw  in "P2"


  Section   Kind         Address    Size  Object
  -------   ----         -------    ----  ------
"A0":                               0x40
  .intvec   ro code          0x0    0x40  vector_table_M.o [4]
                          - 0x40    0x40

"P1":                              0x7ac
  .text     ro code         0x40   0x562  main.o [1]
  .text     ro code        0x5a2     0x2  vectortrap_M.o [4]
  .text     ro code        0x5a4    0x56  ABImemcpy_unaligned.o [4]
  .rodata   const          0x5fc    0x30  main.o [1]
  .rodata   const          0x62c    0x28  main.o [1]
  .rodata   const          0x654    0x24  main.o [1]
  .text     ro code        0x678    0x22  fpinit_M.o [3]
  .rodata   const          0x69c    0x20  main.o [1]
  .text     ro code        0x6bc    0x1e  cmain.o [4]
  .text     ro code        0x6da     0x4  low_level_init.o [2]
  .text     ro code        0x6de     0x4  exit.o [2]
  .text     ro code        0x6e4     0xa  cexit.o [4]
  .text     ro code        0x6f0    0x14  exit.o [5]
  .rodata   const          0x704    0x1c  main.o [1]
  .text     ro code        0x720    0x1c  cstartup_M.o [4]
  .rodata   const          0x73c    0x18  main.o [1]
  .rodata   const          0x754    0x18  main.o [1]
  .rodata   const          0x76c    0x14  main.o [1]
  .rodata   const          0x780    0x14  main.o [1]
  .rodata   const          0x794    0x14  main.o [1]
  .rodata   const          0x7a8    0x10  main.o [1]
  .rodata   const          0x7b8     0xc  main.o [1]
  .rodata   const          0x7c4     0xc  main.o [1]
  .rodata   const          0x7d0     0x8  main.o [1]
  .rodata   const          0x7d8     0x8  main.o [1]
  .rodata   const          0x7e0     0x4  main.o [1]
  .rodata   const          0x7e4     0x4  main.o [1]
  .rodata   const          0x7e8     0x4  main.o [1]
                         - 0x7ec   0x7ac

"P2":                             0x1000
  CSTACK             0x2000'0000  0x1000  <Block>
    CSTACK  uninit   0x2000'0000  0x1000  <Block tail>
                   - 0x2000'1000  0x1000

Unused ranges:

         From           To      Size
         ----           --      ----
        0x7ec     0x3'ffff  0x3'f814
  0x2000'1000  0x2000'7fff    0x7000



*******************************************************************************
*** MODULE SUMMARY
***

    Module                 ro code  ro data  rw data
    ------                 -------  -------  -------
command line/config:
    ------------------------------------------------
    Total:

C:\Users\saika\Downloads\Embedded-Systems-Practice\lab8\Debug\Obj: [1]
    main.o                   1'378      360
    ------------------------------------------------
    Total:                   1'378      360

dl7M_tln.a: [2]
    exit.o                       4
    low_level_init.o             4
    ------------------------------------------------
    Total:                       8

m7M_tls.a: [3]
    fpinit_M.o                  34
    ------------------------------------------------
    Total:                      34

rt7M_tl.a: [4]
    ABImemcpy_unaligned.o       86
    cexit.o                     10
    cmain.o                     30
    cstartup_M.o                28
    vector_table_M.o            64
    vectortrap_M.o               2
    ------------------------------------------------
    Total:                     220

shb_l.a: [5]
    exit.o                      20
    ------------------------------------------------
    Total:                      20

    Gaps                         4        4
    Linker created                             4'096
----------------------------------------------------
    Grand Total:             1'664      364    4'096


*******************************************************************************
*** ENTRY LIST
***

Entry                       Address   Size  Type      Object
-----                       -------   ----  ----      ------
?main                         0x6bd         Code  Gb  cmain.o [4]
BusFault_Handler              0x5a3         Code  Wk  vectortrap_M.o [4]
CSTACK$$Base            0x2000'0000          --   Gb  - Linker created -
CSTACK$$Limit           0x2000'1000          --   Gb  - Linker created -
DebugMon_Handler              0x5a3         Code  Wk  vectortrap_M.o [4]
HardFault_Handler             0x5a3         Code  Wk  vectortrap_M.o [4]
MemManage_Handler             0x5a3         Code  Wk  vectortrap_M.o [4]
NMI_Handler                   0x5a3         Code  Wk  vectortrap_M.o [4]
PendSV_Handler                0x5a3         Code  Wk  vectortrap_M.o [4]
Region$$Table$$Base             0x0          --   Gb  - Linker created -
Region$$Table$$Limit            0x0          --   Gb  - Linker created -
SVC_Handler                   0x5a3         Code  Wk  vectortrap_M.o [4]
SysTick_Handler               0x5a3         Code  Wk  vectortrap_M.o [4]
UsageFault_Handler            0x5a3         Code  Wk  vectortrap_M.o [4]
__cmain                       0x6bd         Code  Gb  cmain.o [4]
__exit                        0x6f1   0x14  Code  Gb  exit.o [5]
__iar_init_vfp                0x679         Code  Gb  fpinit_M.o [3]
__iar_program_start           0x721         Code  Gb  cstartup_M.o [4]
__iar_unaligned_memcpy4
                              0x5a5         Code  Gb  ABImemcpy_unaligned.o [4]
__iar_unaligned_memcpy8
                              0x5a5         Code  Gb  ABImemcpy_unaligned.o [4]
__low_level_init              0x6db    0x4  Code  Gb  low_level_init.o [2]
__vector_table                  0x0         Data  Gb  vector_table_M.o [4]
_call_main                    0x6c9         Code  Gb  cmain.o [4]
_exit                         0x6e5         Code  Gb  cexit.o [4]
delayMs                       0x415   0x1a  Code  Gb  main.o [1]
exit                          0x6df    0x4  Code  Gb  exit.o [2]
main                           0x41  0x3d4  Code  Gb  main.o [1]
printChar                     0x469   0x40  Code  Gb  main.o [1]
printString                   0x581   0x22  Code  Gb  main.o [1]
readChar                      0x42f   0x3a  Code  Gb  main.o [1]


[1] = C:\Users\saika\Downloads\Embedded-Systems-Practice\lab8\Debug\Obj
[2] = dl7M_tln.a
[3] = m7M_tls.a
[4] = rt7M_tl.a
[5] = shb_l.a

  1'664 bytes of readonly  code memory
    364 bytes of readonly  data memory
  4'096 bytes of readwrite data memory

Errors: none
Warnings: none
