###############################################################################
#
# IAR ELF Linker V9.10.1.308/W64 for ARM                  16/Mar/2021  16:34:31
# Copyright 2007-2021 IAR Systems AB.
#
#    Output file  =
#        C:\Users\saika\Downloads\Embedded-Systems-Practice\lab6\6c - Motor
#        Control\Debug\Exe\6c.out
#    Map file     =
#        C:\Users\saika\Downloads\Embedded-Systems-Practice\lab6\6c - Motor
#        Control\Debug\List\6c.map
#    Command line =
#        -f "C:\Users\saika\Downloads\Embedded-Systems-Practice\lab6\6c - Motor
#        Control\Debug\Exe\6c.out.rsp"
#        ("C:\Users\saika\Downloads\Embedded-Systems-Practice\lab6\6c - Motor
#        Control\Debug\Obj\main.o" --no_out_extension -o
#        "C:\Users\saika\Downloads\Embedded-Systems-Practice\lab6\6c - Motor
#        Control\Debug\Exe\6c.out" --redirect _Printf=_PrintfFullNoMb
#        --redirect _Scanf=_ScanfFullNoMb --map
#        "C:\Users\saika\Downloads\Embedded-Systems-Practice\lab6\6c - Motor
#        Control\Debug\List\6c.map" --config "C:\Program Files\IAR
#        Systems\Embedded Workbench 9.0\arm\CONFIG\generic_cortex.icf"
#        --semihosting --entry __iar_program_start --vfe --text_out locale)
#
###############################################################################

*******************************************************************************
*** RUNTIME MODEL ATTRIBUTES
***

CppFlavor       = *
__SystemLibrary = DLib
__dlib_version  = 6


*******************************************************************************
*** HEAP SELECTION
***

The basic heap was selected because some modules are built with
size limitations (and not runtime checking), and --advanced_heap
was not specified.


*******************************************************************************
*** PLACEMENT SUMMARY
***

"A0":  place at address 0x0 { ro section .intvec };
"P1":  place in [from 0x0 to 0x7'ffff] { ro };
define block CSTACK with size = 1K, alignment = 8 { };
define block PROC_STACK with size = 0, alignment = 8 { };
define block HEAP with size = 2K, alignment = 8 { };
"P2":  place in [from 0x2000'0000 to 0x2000'ffff] {
          rw, block CSTACK, block PROC_STACK, block HEAP };

No sections matched the following patterns:

  rw  in "P2"


  Section   Kind         Address   Size  Object
  -------   ----         -------   ----  ------
"A0":                              0x40
  .intvec   ro code          0x0   0x40  vector_table_M.o [3]
                          - 0x40   0x40

"P1":                             0x290
  .text     ro code         0x40  0x1c4  main.o [1]
  .text     ro code        0x204   0x56  ABImemcpy_unaligned.o [3]
  .text     ro code        0x25a    0x2  vectortrap_M.o [3]
  .text     ro code        0x25c   0x1e  cmain.o [3]
  .text     ro code        0x27a    0x4  low_level_init.o [2]
  .text     ro code        0x27e    0x4  exit.o [2]
  .text     ro code        0x284    0xa  cexit.o [3]
  .text     ro code        0x290   0x14  exit.o [4]
  .text     ro code        0x2a4   0x1c  cstartup_M.o [3]
  .rodata   const          0x2c0   0x10  main.o [1]
                         - 0x2d0  0x290

"P2":                             0x400
  CSTACK             0x2000'0000  0x400  <Block>
    CSTACK  uninit   0x2000'0000  0x400  <Block tail>
                   - 0x2000'0400  0x400

Unused ranges:

         From           To      Size
         ----           --      ----
        0x2d0     0x7'ffff  0x7'fd30
  0x2000'0400  0x2000'ffff    0xfc00



*******************************************************************************
*** MODULE SUMMARY
***

    Module                 ro code  ro data  rw data
    ------                 -------  -------  -------
command line/config:
    ------------------------------------------------
    Total:

C:\Users\saika\Downloads\Embedded-Systems-Practice\lab6\6c - Motor Control\Debug\Obj: [1]
    main.o                     452       16
    ------------------------------------------------
    Total:                     452       16

dl7M_tln.a: [2]
    exit.o                       4
    low_level_init.o             4
    ------------------------------------------------
    Total:                       8

rt7M_tl.a: [3]
    ABImemcpy_unaligned.o       86
    cexit.o                     10
    cmain.o                     30
    cstartup_M.o                28
    vector_table_M.o            64
    vectortrap_M.o               2
    ------------------------------------------------
    Total:                     220

shb_l.a: [4]
    exit.o                      20
    ------------------------------------------------
    Total:                      20

    Gaps                         4
    Linker created                             1'024
----------------------------------------------------
    Grand Total:               704       16    1'024


*******************************************************************************
*** ENTRY LIST
***

Entry                       Address   Size  Type      Object
-----                       -------   ----  ----      ------
?main                         0x25d         Code  Gb  cmain.o [3]
BusFault_Handler              0x25b         Code  Wk  vectortrap_M.o [3]
CSTACK$$Base            0x2000'0000          --   Gb  - Linker created -
CSTACK$$Limit           0x2000'0400          --   Gb  - Linker created -
DebugMon_Handler              0x25b         Code  Wk  vectortrap_M.o [3]
HardFault_Handler             0x25b         Code  Wk  vectortrap_M.o [3]
MemManage_Handler             0x25b         Code  Wk  vectortrap_M.o [3]
NMI_Handler                   0x25b         Code  Wk  vectortrap_M.o [3]
PendSV_Handler                0x25b         Code  Wk  vectortrap_M.o [3]
Region$$Table$$Base             0x0          --   Gb  - Linker created -
Region$$Table$$Limit            0x0          --   Gb  - Linker created -
SVC_Handler                   0x25b         Code  Wk  vectortrap_M.o [3]
SysTick_Handler               0x25b         Code  Wk  vectortrap_M.o [3]
UsageFault_Handler            0x25b         Code  Wk  vectortrap_M.o [3]
__cmain                       0x25d         Code  Gb  cmain.o [3]
__exit                        0x291   0x14  Code  Gb  exit.o [4]
__iar_program_start           0x2a5         Code  Gb  cstartup_M.o [3]
__iar_unaligned_memcpy4
                              0x205         Code  Gb  ABImemcpy_unaligned.o [3]
__iar_unaligned_memcpy8
                              0x205         Code  Gb  ABImemcpy_unaligned.o [3]
__low_level_init              0x27b    0x4  Code  Gb  low_level_init.o [2]
__vector_table                  0x0         Data  Gb  vector_table_M.o [3]
_call_main                    0x269         Code  Gb  cmain.o [3]
_exit                         0x285         Code  Gb  cexit.o [3]
exit                          0x27f    0x4  Code  Gb  exit.o [2]
main                           0x41  0x166  Code  Gb  main.o [1]


[1] = C:\Users\saika\Downloads\Embedded-Systems-Practice\lab6\6c - Motor Control\Debug\Obj
[2] = dl7M_tln.a
[3] = rt7M_tl.a
[4] = shb_l.a

    704 bytes of readonly  code memory
     16 bytes of readonly  data memory
  1'024 bytes of readwrite data memory

Errors: none
Warnings: none
