###############################################################################
#
# IAR ELF Linker V8.50.9.278/W32 for ARM                  09/Feb/2021  15:21:29
# Copyright 2007-2020 IAR Systems AB.
#
#    Output file  =
#        C:\Users\saika\Downloads\Embedded-Systems-Practice\lab3\Debug\Exe\lab3.out
#    Map file     =
#        C:\Users\saika\Downloads\Embedded-Systems-Practice\lab3\Debug\List\lab3.map
#    Command line =
#        -f C:\Users\saika\AppData\Local\Temp\EW4BD6.tmp
#        (C:\Users\saika\Downloads\Embedded-Systems-Practice\lab3\Debug\Obj\main.o
#        --no_out_extension -o
#        C:\Users\saika\Downloads\Embedded-Systems-Practice\lab3\Debug\Exe\lab3.out
#        --redirect _Printf=_PrintfFullNoMb --redirect _Scanf=_ScanfFullNoMb
#        --map
#        C:\Users\saika\Downloads\Embedded-Systems-Practice\lab3\Debug\List\lab3.map
#        --config "C:\Program Files (x86)\IAR Systems\Embedded Workbench
#        8.4\arm\CONFIG\generic_cortex.icf" --semihosting --entry
#        __iar_program_start --vfe --text_out locale)
#
###############################################################################

*******************************************************************************
*** RUNTIME MODEL ATTRIBUTES
***

CppFlavor       = *
__SystemLibrary = DLib
__dlib_version  = 6


*******************************************************************************
*** HEAP SELECTION
***

The basic heap was selected because some modules are built with
size limitations (and not runtime checking), and --advanced_heap
was not specified.


*******************************************************************************
*** PLACEMENT SUMMARY
***

"A0":  place at address 0x0 { ro section .intvec };
"P1":  place in [from 0x0 to 0x7'ffff] { ro };
define block CSTACK with size = 1K, alignment = 8 { };
define block PROC_STACK with size = 0, alignment = 8 { };
define block HEAP with size = 2K, alignment = 8 { };
"P2":  place in [from 0x2000'0000 to 0x2000'ffff] {
          rw, block CSTACK, block PROC_STACK, block HEAP };
initialize by copy { rw };

  Section            Kind         Address   Size  Object
  -------            ----         -------   ----  ------
"A0":                                       0x40
  .intvec            ro code          0x0   0x40  vector_table_M.o [3]
                                   - 0x40   0x40

"P1":                                      0x238
  .text              ro code         0x40  0x14c  main.o [1]
  .text              ro code        0x18c   0x2e  copy_init3.o [3]
  .text              ro code        0x1ba    0x2  vector_table_M.o [3]
  .text              ro code        0x1bc   0x28  data_init.o [3]
  .iar.init_table    const          0x1e4   0x14  - Linker created -
  .text              ro code        0x1f8   0x1e  cmain.o [3]
  .text              ro code        0x216    0x4  low_level_init.o [2]
  .text              ro code        0x21a    0x4  exit.o [2]
  .text              ro code        0x220    0xa  cexit.o [3]
  .text              ro code        0x22c   0x14  exit.o [4]
  .text              ro code        0x240   0x1c  cstartup_M.o [3]
  Initializer bytes  const          0x25c   0x1c  <for P2-1>
  .rodata            const          0x278    0x0  copy_init3.o [3]
                                  - 0x278  0x238

"P2", part 1 of 2:                          0x1c
  P2-1                        0x2000'0000   0x1c  <Init block>
    .data            inited   0x2000'0000    0xc  main.o [1]
    .data            inited   0x2000'000c   0x10  main.o [1]
                            - 0x2000'001c   0x1c

"P2", part 2 of 2:                         0x400
  CSTACK                      0x2000'0020  0x400  <Block>
    CSTACK           uninit   0x2000'0020  0x400  <Block tail>
                            - 0x2000'0420  0x400

Unused ranges:

         From           To      Size
         ----           --      ----
        0x278     0x7'ffff  0x7'fd88
  0x2000'001c  0x2000'001f       0x4
  0x2000'0420  0x2000'ffff    0xfbe0


*******************************************************************************
*** INIT TABLE
***

          Address      Size
          -------      ----
Copy (__iar_copy_init3)
    1 source range, total size 0x1c:
                0x25c  0x1c
    1 destination range, total size 0x1c:
          0x2000'0000  0x1c



*******************************************************************************
*** MODULE SUMMARY
***

    Module            ro code  ro data  rw data
    ------            -------  -------  -------
command line/config:
    -------------------------------------------
    Total:

C:\Users\saika\Downloads\Embedded-Systems-Practice\lab3\Debug\Obj: [1]
    main.o                332       28       28
    -------------------------------------------
    Total:                332       28       28

dl7M_tln.a: [2]
    exit.o                  4
    low_level_init.o        4
    -------------------------------------------
    Total:                  8

rt7M_tl.a: [3]
    cexit.o                10
    cmain.o                30
    copy_init3.o           46
    cstartup_M.o           28
    data_init.o            40
    vector_table_M.o       66
    -------------------------------------------
    Total:                220

shb_l.a: [4]
    exit.o                 20
    -------------------------------------------
    Total:                 20

    Gaps                    4
    Linker created                  20    1'024
-----------------------------------------------
    Grand Total:          584       48    1'052


*******************************************************************************
*** ENTRY LIST
***

Entry                       Address   Size  Type      Object
-----                       -------   ----  ----      ------
.iar.init_table$$Base         0x1e4          --   Gb  - Linker created -
.iar.init_table$$Limit        0x1f8          --   Gb  - Linker created -
?main                         0x1f9         Code  Gb  cmain.o [3]
CSTACK$$Base            0x2000'0020          --   Gb  - Linker created -
CSTACK$$Limit           0x2000'0420          --   Gb  - Linker created -
Region$$Table$$Base           0x1e4          --   Gb  - Linker created -
Region$$Table$$Limit          0x1f8          --   Gb  - Linker created -
__cmain                       0x1f9         Code  Gb  cmain.o [3]
__exit                        0x22d   0x14  Code  Gb  exit.o [4]
__iar_copy_init3              0x18d   0x2e  Code  Gb  copy_init3.o [3]
__iar_data_init3              0x1bd   0x28  Code  Gb  data_init.o [3]
__iar_program_start           0x241         Code  Gb  cstartup_M.o [3]
__low_level_init              0x217    0x4  Code  Gb  low_level_init.o [2]
__vector_table                  0x0         Data  Gb  vector_table_M.o [3]
_call_main                    0x205         Code  Gb  cmain.o [3]
_exit                         0x221         Code  Gb  cexit.o [3]
_main                         0x20f         Code  Gb  cmain.o [3]
delay                          0x41    0xc  Code  Gb  main.o [1]
exit                          0x21b    0x4  Code  Gb  exit.o [2]
main                           0x5f  0x102  Code  Gb  main.o [1]
primaryColors           0x2000'0000    0xc  Data  Gb  main.o [1]
secondaryColors         0x2000'000c   0x10  Data  Gb  main.o [1]
turnOffLED                     0x57    0x8  Code  Gb  main.o [1]
turnOnLED                      0x4d    0xa  Code  Gb  main.o [1]


[1] = C:\Users\saika\Downloads\Embedded-Systems-Practice\lab3\Debug\Obj
[2] = dl7M_tln.a
[3] = rt7M_tl.a
[4] = shb_l.a

    584 bytes of readonly  code memory
     48 bytes of readonly  data memory
  1'052 bytes of readwrite data memory

Errors: none
Warnings: none
