###############################################################################
#
# IAR ELF Linker V9.10.1.308/W64 for ARM                  16/Mar/2021  12:22:04
# Copyright 2007-2021 IAR Systems AB.
#
#    Output file  =
#        C:\Users\saika\Downloads\Embedded-Systems-Practice\lab2\Debug\Exe\lab2.out
#    Map file     =
#        C:\Users\saika\Downloads\Embedded-Systems-Practice\lab2\Debug\List\lab2.map
#    Command line =
#        -f
#        C:\Users\saika\Downloads\Embedded-Systems-Practice\lab2\Debug\Exe\lab2.out.rsp
#        (C:\Users\saika\Downloads\Embedded-Systems-Practice\lab2\Debug\Obj\main.o
#        --no_out_extension -o
#        C:\Users\saika\Downloads\Embedded-Systems-Practice\lab2\Debug\Exe\lab2.out
#        --redirect _Printf=_PrintfFullNoMb --redirect _Scanf=_ScanfFullNoMb
#        --map
#        C:\Users\saika\Downloads\Embedded-Systems-Practice\lab2\Debug\List\lab2.map
#        --config "C:\Program Files\IAR Systems\Embedded Workbench
#        9.0\arm\CONFIG\generic_cortex.icf" --semihosting --entry
#        __iar_program_start --vfe --text_out locale)
#
###############################################################################

*******************************************************************************
*** RUNTIME MODEL ATTRIBUTES
***

CppFlavor       = *
__SystemLibrary = DLib
__dlib_version  = 6


*******************************************************************************
*** HEAP SELECTION
***

The basic heap was selected because some modules are built with
size limitations (and not runtime checking), and --advanced_heap
was not specified.


*******************************************************************************
*** PLACEMENT SUMMARY
***

"A0":  place at address 0x0 { ro section .intvec };
"P1":  place in [from 0x0 to 0x7'ffff] { ro };
define block CSTACK with size = 1K, alignment = 8 { };
define block PROC_STACK with size = 0, alignment = 8 { };
define block HEAP with size = 2K, alignment = 8 { };
"P2":  place in [from 0x2000'0000 to 0x2000'ffff] {
          rw, block CSTACK, block PROC_STACK, block HEAP };
initialize by copy { rw };

  Section            Kind         Address   Size  Object
  -------            ----         -------   ----  ------
"A0":                                       0x40
  .intvec            ro code          0x0   0x40  vector_table_M.o [3]
                                   - 0x40   0x40

"P1":                                      0x1b0
  .text              ro code         0x40   0xcc  main.o [1]
  .text              ro code        0x10c   0x2a  copy_init3.o [3]
  .text              ro code        0x136    0x2  vectortrap_M.o [3]
  .text              ro code        0x138   0x28  data_init.o [3]
  .iar.init_table    const          0x160   0x14  - Linker created -
  .text              ro code        0x174   0x1e  cmain.o [3]
  .text              ro code        0x192    0x4  low_level_init.o [2]
  .text              ro code        0x196    0x4  exit.o [2]
  .text              ro code        0x19c    0xa  cexit.o [3]
  .text              ro code        0x1a8   0x14  exit.o [4]
  .text              ro code        0x1bc   0x1c  cstartup_M.o [3]
  Initializer bytes  const          0x1d8   0x18  <for P2-1>
  .rodata            const          0x1f0    0x0  copy_init3.o [3]
                                  - 0x1f0  0x1b0

"P2", part 1 of 2:                          0x18
  P2-1                        0x2000'0000   0x18  <Init block>
    .data            inited   0x2000'0000   0x18  main.o [1]
                            - 0x2000'0018   0x18

"P2", part 2 of 2:                         0x400
  CSTACK                      0x2000'0018  0x400  <Block>
    CSTACK           uninit   0x2000'0018  0x400  <Block tail>
                            - 0x2000'0418  0x400

Unused ranges:

         From           To      Size
         ----           --      ----
        0x1f0     0x7'ffff  0x7'fe10
  0x2000'0418  0x2000'ffff    0xfbe8


*******************************************************************************
*** INIT TABLE
***

          Address      Size
          -------      ----
Copy (__iar_copy_init3)
    1 source range, total size 0x18:
                0x1d8  0x18
    1 destination range, total size 0x18:
          0x2000'0000  0x18



*******************************************************************************
*** MODULE SUMMARY
***

    Module            ro code  ro data  rw data
    ------            -------  -------  -------
command line/config:
    -------------------------------------------
    Total:

C:\Users\saika\Downloads\Embedded-Systems-Practice\lab2\Debug\Obj: [1]
    main.o                204       24       24
    -------------------------------------------
    Total:                204       24       24

dl7M_tln.a: [2]
    exit.o                  4
    low_level_init.o        4
    -------------------------------------------
    Total:                  8

rt7M_tl.a: [3]
    cexit.o                10
    cmain.o                30
    copy_init3.o           42
    cstartup_M.o           28
    data_init.o            40
    vector_table_M.o       64
    vectortrap_M.o          2
    -------------------------------------------
    Total:                216

shb_l.a: [4]
    exit.o                 20
    -------------------------------------------
    Total:                 20

    Gaps                    4
    Linker created                  20    1'024
-----------------------------------------------
    Grand Total:          452       44    1'048


*******************************************************************************
*** ENTRY LIST
***

Entry                       Address  Size  Type      Object
-----                       -------  ----  ----      ------
.iar.init_table$$Base         0x160         --   Gb  - Linker created -
.iar.init_table$$Limit        0x174         --   Gb  - Linker created -
?main                         0x175        Code  Gb  cmain.o [3]
BusFault_Handler              0x137        Code  Wk  vectortrap_M.o [3]
CSTACK$$Base            0x2000'0018         --   Gb  - Linker created -
CSTACK$$Limit           0x2000'0418         --   Gb  - Linker created -
DebugMon_Handler              0x137        Code  Wk  vectortrap_M.o [3]
HardFault_Handler             0x137        Code  Wk  vectortrap_M.o [3]
MemManage_Handler             0x137        Code  Wk  vectortrap_M.o [3]
NMI_Handler                   0x137        Code  Wk  vectortrap_M.o [3]
PendSV_Handler                0x137        Code  Wk  vectortrap_M.o [3]
Region$$Table$$Base           0x160         --   Gb  - Linker created -
Region$$Table$$Limit          0x174         --   Gb  - Linker created -
SVC_Handler                   0x137        Code  Wk  vectortrap_M.o [3]
SysTick_Handler               0x137        Code  Wk  vectortrap_M.o [3]
UsageFault_Handler            0x137        Code  Wk  vectortrap_M.o [3]
__cmain                       0x175        Code  Gb  cmain.o [3]
__exit                        0x1a9  0x14  Code  Gb  exit.o [4]
__iar_copy_init3              0x10d  0x2a  Code  Gb  copy_init3.o [3]
__iar_data_init3              0x139  0x28  Code  Gb  data_init.o [3]
__iar_program_start           0x1bd        Code  Gb  cstartup_M.o [3]
__low_level_init              0x193   0x4  Code  Gb  low_level_init.o [2]
__vector_table                  0x0        Data  Gb  vector_table_M.o [3]
_call_main                    0x181        Code  Gb  cmain.o [3]
_exit                         0x19d        Code  Gb  cexit.o [3]
colors                  0x2000'0000  0x18  Data  Gb  main.o [1]
delay                          0x41   0xc  Code  Gb  main.o [1]
exit                          0x197   0x4  Code  Gb  exit.o [2]
main                           0x61  0x86  Code  Gb  main.o [1]
turnOffLED                     0x59   0x8  Code  Gb  main.o [1]
turnOnLED                      0x4d   0xc  Code  Gb  main.o [1]


[1] = C:\Users\saika\Downloads\Embedded-Systems-Practice\lab2\Debug\Obj
[2] = dl7M_tln.a
[3] = rt7M_tl.a
[4] = shb_l.a

    452 bytes of readonly  code memory
     44 bytes of readonly  data memory
  1'048 bytes of readwrite data memory

Errors: none
Warnings: none
