###############################################################################
#
# IAR ELF Linker V8.50.9.278/W32 for ARM                  01/Feb/2021  12:52:45
# Copyright 2007-2020 IAR Systems AB.
#
#    Output file  =  C:\Users\saika\Downloads\ES\lab2\Debug\Exe\lab2.out
#    Map file     =  C:\Users\saika\Downloads\ES\lab2\Debug\List\lab2.map
#    Command line =
#        -f C:\Users\saika\AppData\Local\Temp\EW5572.tmp
#        (C:\Users\saika\Downloads\ES\lab2\Debug\Obj\main.o --no_out_extension
#        -o C:\Users\saika\Downloads\ES\lab2\Debug\Exe\lab2.out --redirect
#        _Printf=_PrintfFullNoMb --redirect _Scanf=_ScanfFullNoMb --map
#        C:\Users\saika\Downloads\ES\lab2\Debug\List\lab2.map --config
#        "C:\Program Files (x86)\IAR Systems\Embedded Workbench
#        8.4\arm\CONFIG\generic_cortex.icf" --semihosting --entry
#        __iar_program_start --vfe --text_out locale)
#
###############################################################################

*******************************************************************************
*** RUNTIME MODEL ATTRIBUTES
***

CppFlavor       = *
__SystemLibrary = DLib
__dlib_version  = 6


*******************************************************************************
*** HEAP SELECTION
***

The basic heap was selected because some modules are built with
size limitations (and not runtime checking), and --advanced_heap
was not specified.


*******************************************************************************
*** PLACEMENT SUMMARY
***

"A0":  place at address 0x0 { ro section .intvec };
"P1":  place in [from 0x0 to 0x7'ffff] { ro };
define block CSTACK with size = 1K, alignment = 8 { };
define block PROC_STACK with size = 0, alignment = 8 { };
define block HEAP with size = 2K, alignment = 8 { };
"P2":  place in [from 0x2000'0000 to 0x2000'ffff] {
          rw, block CSTACK, block PROC_STACK, block HEAP };
initialize by copy { rw };

  Section            Kind         Address   Size  Object
  -------            ----         -------   ----  ------
"A0":                                       0x40
  .intvec            ro code          0x0   0x40  vector_table_M.o [3]
                                   - 0x40   0x40

"P1":                                      0x1a4
  .text              ro code         0x40   0xbc  main.o [1]
  .text              ro code         0xfc   0x2e  copy_init3.o [3]
  .text              ro code        0x12a    0x2  vector_table_M.o [3]
  .text              ro code        0x12c   0x28  data_init.o [3]
  .iar.init_table    const          0x154   0x14  - Linker created -
  .text              ro code        0x168   0x1e  cmain.o [3]
  .text              ro code        0x186    0x4  low_level_init.o [2]
  .text              ro code        0x18a    0x4  exit.o [2]
  .text              ro code        0x190    0xa  cexit.o [3]
  .text              ro code        0x19c   0x14  exit.o [4]
  .text              ro code        0x1b0   0x1c  cstartup_M.o [3]
  Initializer bytes  const          0x1cc   0x18  <for P2-1>
  .rodata            const          0x1e4    0x0  copy_init3.o [3]
                                  - 0x1e4  0x1a4

"P2", part 1 of 2:                          0x18
  P2-1                        0x2000'0000   0x18  <Init block>
    .data            inited   0x2000'0000   0x18  main.o [1]
                            - 0x2000'0018   0x18

"P2", part 2 of 2:                         0x400
  CSTACK                      0x2000'0018  0x400  <Block>
    CSTACK           uninit   0x2000'0018  0x400  <Block tail>
                            - 0x2000'0418  0x400

Unused ranges:

         From           To      Size
         ----           --      ----
        0x1e4     0x7'ffff  0x7'fe1c
  0x2000'0418  0x2000'ffff    0xfbe8


*******************************************************************************
*** INIT TABLE
***

          Address      Size
          -------      ----
Copy (__iar_copy_init3)
    1 source range, total size 0x18:
                0x1cc  0x18
    1 destination range, total size 0x18:
          0x2000'0000  0x18



*******************************************************************************
*** MODULE SUMMARY
***

    Module            ro code  ro data  rw data
    ------            -------  -------  -------
command line/config:
    -------------------------------------------
    Total:

C:\Users\saika\Downloads\ES\lab2\Debug\Obj: [1]
    main.o                188       24       24
    -------------------------------------------
    Total:                188       24       24

dl7M_tln.a: [2]
    exit.o                  4
    low_level_init.o        4
    -------------------------------------------
    Total:                  8

rt7M_tl.a: [3]
    cexit.o                10
    cmain.o                30
    copy_init3.o           46
    cstartup_M.o           28
    data_init.o            40
    vector_table_M.o       66
    -------------------------------------------
    Total:                220

shb_l.a: [4]
    exit.o                 20
    -------------------------------------------
    Total:                 20

    Gaps                    4
    Linker created                  20    1'024
-----------------------------------------------
    Grand Total:          440       44    1'048


*******************************************************************************
*** ENTRY LIST
***

Entry                       Address  Size  Type      Object
-----                       -------  ----  ----      ------
.iar.init_table$$Base         0x154         --   Gb  - Linker created -
.iar.init_table$$Limit        0x168         --   Gb  - Linker created -
?main                         0x169        Code  Gb  cmain.o [3]
CSTACK$$Base            0x2000'0018         --   Gb  - Linker created -
CSTACK$$Limit           0x2000'0418         --   Gb  - Linker created -
Region$$Table$$Base           0x154         --   Gb  - Linker created -
Region$$Table$$Limit          0x168         --   Gb  - Linker created -
__cmain                       0x169        Code  Gb  cmain.o [3]
__exit                        0x19d  0x14  Code  Gb  exit.o [4]
__iar_copy_init3               0xfd  0x2e  Code  Gb  copy_init3.o [3]
__iar_data_init3              0x12d  0x28  Code  Gb  data_init.o [3]
__iar_program_start           0x1b1        Code  Gb  cstartup_M.o [3]
__low_level_init              0x187   0x4  Code  Gb  low_level_init.o [2]
__vector_table                  0x0        Data  Gb  vector_table_M.o [3]
_call_main                    0x175        Code  Gb  cmain.o [3]
_exit                         0x191        Code  Gb  cexit.o [3]
_main                         0x17f        Code  Gb  cmain.o [3]
colors                  0x2000'0000  0x18  Data  Gb  main.o [1]
delay                          0x41   0xc  Code  Gb  main.o [1]
exit                          0x18b   0x4  Code  Gb  exit.o [2]
main                           0x61  0x78  Code  Gb  main.o [1]
turnOffLED                     0x59   0x8  Code  Gb  main.o [1]
turnOnLED                      0x4d   0xc  Code  Gb  main.o [1]


[1] = C:\Users\saika\Downloads\ES\lab2\Debug\Obj
[2] = dl7M_tln.a
[3] = rt7M_tl.a
[4] = shb_l.a

    440 bytes of readonly  code memory
     44 bytes of readonly  data memory
  1'048 bytes of readwrite data memory

Errors: none
Warnings: none
