###############################################################################
#
# IAR ELF Linker V9.10.1.308/W64 for ARM                  16/Mar/2021  21:12:48
# Copyright 2007-2021 IAR Systems AB.
#
#    Output file  =
#        C:\Users\saika\Downloads\Embedded-Systems-Practice\lab6\6a - LED
#        intensity\Debug\Exe\6a.out
#    Map file     =
#        C:\Users\saika\Downloads\Embedded-Systems-Practice\lab6\6a - LED
#        intensity\Debug\List\6a.map
#    Command line =
#        -f "C:\Users\saika\Downloads\Embedded-Systems-Practice\lab6\6a - LED
#        intensity\Debug\Exe\6a.out.rsp"
#        ("C:\Users\saika\Downloads\Embedded-Systems-Practice\lab6\6a - LED
#        intensity\Debug\Obj\main.o" --no_out_extension -o
#        "C:\Users\saika\Downloads\Embedded-Systems-Practice\lab6\6a - LED
#        intensity\Debug\Exe\6a.out" --redirect _Printf=_PrintfFullNoMb
#        --redirect _Scanf=_ScanfFullNoMb --map
#        "C:\Users\saika\Downloads\Embedded-Systems-Practice\lab6\6a - LED
#        intensity\Debug\List\6a.map" --config "C:\Program Files\IAR
#        Systems\Embedded Workbench
#        9.0\arm\config\linker\TexasInstruments\TM4C123GH6.icf" --semihosting
#        --entry __iar_program_start --vfe --text_out locale)
#
###############################################################################

*******************************************************************************
*** RUNTIME MODEL ATTRIBUTES
***

CppFlavor       = *
__SystemLibrary = DLib
__dlib_version  = 6


*******************************************************************************
*** HEAP SELECTION
***

The basic heap was selected because some modules are built with
size limitations (and not runtime checking), and --advanced_heap
was not specified.


*******************************************************************************
*** PLACEMENT SUMMARY
***

"A0":  place at address 0x0 { ro section .intvec };
"P1":  place in [from 0x0 to 0x3'ffff] { ro };
define block CSTACK with size = 4K, alignment = 8 { };
define block HEAP with size = 8K, alignment = 8 { };
"P2":  place in [from 0x2000'0000 to 0x2000'7fff] {
          rw, block CSTACK, block HEAP };

No sections matched the following patterns:

  rw  in "P2"


  Section   Kind         Address    Size  Object
  -------   ----         -------    ----  ------
"A0":                               0x40
  .intvec   ro code          0x0    0x40  vector_table_M.o [4]
                          - 0x40    0x40

"P1":                              0x27c
  .text     ro code         0x40   0x180  main.o [1]
  .text     ro code        0x1c0    0x56  ABImemcpy_unaligned.o [4]
  .text     ro code        0x216     0x2  vectortrap_M.o [4]
  .text     ro code        0x218    0x22  fpinit_M.o [3]
  .text     ro code        0x23c    0x1e  cmain.o [4]
  .text     ro code        0x25a     0x4  low_level_init.o [2]
  .text     ro code        0x25e     0x4  exit.o [2]
  .text     ro code        0x264     0xa  cexit.o [4]
  .text     ro code        0x270    0x14  exit.o [5]
  .rodata   const          0x284    0x1c  main.o [1]
  .text     ro code        0x2a0    0x1c  cstartup_M.o [4]
                         - 0x2bc   0x27c

"P2":                             0x1000
  CSTACK             0x2000'0000  0x1000  <Block>
    CSTACK  uninit   0x2000'0000  0x1000  <Block tail>
                   - 0x2000'1000  0x1000

Unused ranges:

         From           To      Size
         ----           --      ----
        0x2bc     0x3'ffff  0x3'fd44
  0x2000'1000  0x2000'7fff    0x7000



*******************************************************************************
*** MODULE SUMMARY
***

    Module                 ro code  ro data  rw data
    ------                 -------  -------  -------
command line/config:
    ------------------------------------------------
    Total:

C:\Users\saika\Downloads\Embedded-Systems-Practice\lab6\6a - LED intensity\Debug\Obj: [1]
    main.o                     384       28
    ------------------------------------------------
    Total:                     384       28

dl7M_tln.a: [2]
    exit.o                       4
    low_level_init.o             4
    ------------------------------------------------
    Total:                       8

m7M_tls.a: [3]
    fpinit_M.o                  34
    ------------------------------------------------
    Total:                      34

rt7M_tl.a: [4]
    ABImemcpy_unaligned.o       86
    cexit.o                     10
    cmain.o                     30
    cstartup_M.o                28
    vector_table_M.o            64
    vectortrap_M.o               2
    ------------------------------------------------
    Total:                     220

shb_l.a: [5]
    exit.o                      20
    ------------------------------------------------
    Total:                      20

    Gaps                         6
    Linker created                             4'096
----------------------------------------------------
    Grand Total:               672       28    4'096


*******************************************************************************
*** ENTRY LIST
***

Entry                       Address  Size  Type      Object
-----                       -------  ----  ----      ------
?main                         0x23d        Code  Gb  cmain.o [4]
BusFault_Handler              0x217        Code  Wk  vectortrap_M.o [4]
CSTACK$$Base            0x2000'0000         --   Gb  - Linker created -
CSTACK$$Limit           0x2000'1000         --   Gb  - Linker created -
DebugMon_Handler              0x217        Code  Wk  vectortrap_M.o [4]
HardFault_Handler             0x217        Code  Wk  vectortrap_M.o [4]
MemManage_Handler             0x217        Code  Wk  vectortrap_M.o [4]
NMI_Handler                   0x217        Code  Wk  vectortrap_M.o [4]
PendSV_Handler                0x217        Code  Wk  vectortrap_M.o [4]
Region$$Table$$Base             0x0         --   Gb  - Linker created -
Region$$Table$$Limit            0x0         --   Gb  - Linker created -
SVC_Handler                   0x217        Code  Wk  vectortrap_M.o [4]
SysTick_Handler               0x217        Code  Wk  vectortrap_M.o [4]
UsageFault_Handler            0x217        Code  Wk  vectortrap_M.o [4]
__cmain                       0x23d        Code  Gb  cmain.o [4]
__exit                        0x271  0x14  Code  Gb  exit.o [5]
__iar_init_vfp                0x219        Code  Gb  fpinit_M.o [3]
__iar_program_start           0x2a1        Code  Gb  cstartup_M.o [4]
__iar_unaligned_memcpy4
                              0x1c1        Code  Gb  ABImemcpy_unaligned.o [4]
__iar_unaligned_memcpy8
                              0x1c1        Code  Gb  ABImemcpy_unaligned.o [4]
__low_level_init              0x25b   0x4  Code  Gb  low_level_init.o [2]
__vector_table                  0x0        Data  Gb  vector_table_M.o [4]
_call_main                    0x249        Code  Gb  cmain.o [4]
_exit                         0x265        Code  Gb  cexit.o [4]
blue                           0x49   0x8  Code  Gb  main.o [1]
blue_green                     0x69   0x8  Code  Gb  main.o [1]
delay                          0x79  0x1a  Code  Gb  main.o [1]
exit                          0x25f   0x4  Code  Gb  exit.o [2]
green                          0x51   0x8  Code  Gb  main.o [1]
main                           0x93  0xe8  Code  Gb  main.o [1]
red                            0x41   0x8  Code  Gb  main.o [1]
red_blue                       0x59   0x8  Code  Gb  main.o [1]
red_green                      0x61   0x8  Code  Gb  main.o [1]
white                          0x71   0x8  Code  Gb  main.o [1]


[1] = C:\Users\saika\Downloads\Embedded-Systems-Practice\lab6\6a - LED intensity\Debug\Obj
[2] = dl7M_tln.a
[3] = m7M_tls.a
[4] = rt7M_tl.a
[5] = shb_l.a

    672 bytes of readonly  code memory
     28 bytes of readonly  data memory
  4'096 bytes of readwrite data memory

Errors: none
Warnings: none
